---
source: compiler/toc-hir-lowering/tests/lowering.rs
expression: "var _ : int _ := 1e600"
---
Package@(dummy)
  Root@(dummy): FileId(1) -> ItemId(1)
    Module@(FileId(1), 0..22): "<root>"@(dummy)
      StmtBody@(FileId(1), 0..22): []
        StmtItem@(FileId(1), 0..11): ItemId(0)
          ConstVar@(FileId(1), 0..11): var "_"@(FileId(1), 4..5)
            Primitive@(FileId(1), 8..11): Int
        Assign@(FileId(1), 12..22)
          Name@(FileId(1), 12..13): "_"@(FileId(1), 4..5)
          Literal@(FileId(1), 17..22): Real(0.0)
error at (FileId(1), 17..22): invalid real literal
| error for (FileId(1), 17..22): number is too large

