---
source: compiler/toc-hir-lowering/tests/lowering.rs
expression: "q := j begin q := k end"
---
Package@(dummy)
  Root@(dummy): src/main.t -> ItemId(0)
    Module@(src/main.t:0..23): "<root>"@(dummy)
      StmtBody@(src/main.t:0..23): []
        Assign@(src/main.t:0..6)
          Name@(src/main.t:0..1): "q"@(src/main.t:0..1), undeclared
          Name@(src/main.t:5..6): "j"@(src/main.t:5..6), undeclared
        Block@(src/main.t:7..23): Normal
          Assign@(src/main.t:13..19)
            Name@(src/main.t:13..14): "q"@(src/main.t:13..14), undeclared
            Name@(src/main.t:18..19): "k"@(src/main.t:18..19), undeclared
error at src/main.t:0..1: `q` is undeclared
| error for src/main.t:0..1: no definitions of `q` are in scope
error at src/main.t:5..6: `j` is undeclared
| error for src/main.t:5..6: no definitions of `j` are in scope
error at src/main.t:18..19: `k` is undeclared
| error for src/main.t:18..19: no definitions of `k` are in scope
