---
source: compiler/toc_analysis/src/const_eval/test.rs
expression: 2 ** 0

---
InnerCtx {
    eval_infos: [
        EvalInfo { unit_id: UnitId(HirId(Idx::<HirNode>(4))), span: Span { file: None, range: 11..17 }, state: Value(Integer(ConstInt { magnitude: 1, sign: Positive, width: As32 })) },
    ],
    var_to_expr: {
        DefId(0): ConstExpr { id: 0 },
    },
}
ConstExpr { id: 0 } -> Integer(ConstInt { magnitude: 1, sign: Positive, width: As32 })


