---
source: compiler/toc-analysis/src/lints/test.rs
expression: "const a := \"✨✨✨✨✨✨✨✨✨✨✨✨✨✨✨✨✨✨✨✨✨✨✨✨✨✨✨✨✨✨✨✨✨✨✨✨✨✨✨✨✨✨✨✨✨✨✨✨✨✨✨✨✨✨✨✨✨✨✨✨✨✨✨✨✨✨✨✨✨✨✨✨✨✨✨✨✨✨✨✨aaaaaaaaaaaaaaaa\""
---
error at src/main.t:11..269: invalid string literal
| error for src/main.t:11..269: this string literal is too long
