---
source: compiler/toc_analysis/src/const_eval/test.rs
expression: true xor true

---
"_"@(FileId(1), 6..7) -> Bool(false)


