---
source: compiler/toc-analysis/src/const_eval/test.rs
expression: "-16#FFFFFFFF"
---
"_"@"src/main.t:6..7" -> <error IntOverflow>

error at src/main.t:11..12: cannot compute expression at compile-time
| error for src/main.t:11..12: integer overflow in compile-time expression
