---
source: compiler/toc-analysis/src/const_eval/test.rs
expression: "const a : 1 .. 2 := 2 const _:=a"
---
"a"@"src/main.t:6..7" -> Integer(ConstInt { magnitude: 2, sign: Positive, width: As32 })
"_"@"src/main.t:28..29" -> Integer(ConstInt { magnitude: 2, sign: Positive, width: As32 })
