---
source: compiler/toc_analysis/src/typeck/test.rs
assertion_line: 42
expression: "type c : false .. true"

---
"c"@(FileId(1), 5..6) [Resolved(Type)]: alias[DefId(LibraryId(0), LocalDefId(0))] of range of `boolean` (Unevaluated(LibraryId(0), BodyId(0)) .. Expr(Unevaluated(LibraryId(0), BodyId(1)), No))
"<root>"@(dummy) [Declared]: <error>

