---
source: compiler/toc_analysis/src/typeck/test.rs
assertion_line: 41
expression: "var b : boolean\nvar r : real\n\nvar _e00 : int := b\nvar _e01 : int := r\n"

---
"b"@(FileId(1), 4..5) [Declared]: boolean
"r"@(FileId(1), 20..21) [Declared]: real
"_e00"@(FileId(1), 34..38) [Declared]: int
"_e01"@(FileId(1), 54..58) [Declared]: int
"<root>"@(dummy) [Declared]: <error>

error in file FileId(1) at 48..49: mismatched types
| note in file FileId(1) for 48..49: this is of type `boolean`
| note in file FileId(1) for 41..44: this is of type `int`
| info: `boolean` is not assignable into `int`
error in file FileId(1) at 68..69: mismatched types
| note in file FileId(1) for 68..69: this is of type `real`
| note in file FileId(1) for 61..64: this is of type `int`
| info: `real` is not assignable into `int`
