---
source: compiler/toc_analysis/src/typeck/test.rs
assertion_line: 42
expression: "type k : int\nget k\n"

---
"k"@(FileId(1), 5..6) [Resolved(Type)]: alias[DefId(LibraryId(0), LocalDefId(0))] of int
"<root>"@(dummy) [Declared]: <error>

error in file FileId(1) at 17..18: cannot assign into `k`
| error in file FileId(1) for 17..18: `k` is a reference to a type, not a variable
| note in file FileId(1) for 5..6: `k` declared here
