---
source: compiler/toc_analysis/src/typeck/test.rs
assertion_line: 41
expression: "const N := 3\nvar c5 : char(5)\n\nvar _e00 : string(N) := c5 % [not captured by ctc]\n"

---
"N"@(FileId(1), 6..7) [Declared]: int
"c5"@(FileId(1), 17..19) [Declared]: char_n Fixed(Unevaluated(LibraryId(0), BodyId(1)))
"_e00"@(FileId(1), 35..39) [Declared]: string_n Fixed(Unevaluated(LibraryId(0), BodyId(2)))
"<root>"@(dummy) [Declared]: <error>

error in file FileId(1) at 55..57: mismatched types
| note in file FileId(1) for 55..57: this is of type `char(5)`
| note in file FileId(1) for 42..51: this is of type `string(3)`
| info: `char(5)` is not assignable into `string(3)`
