---
source: compiler/toc_analysis/src/typeck/test.rs
expression: "for : 'a' .. 'z' end for"
---
"<root>"@(dummy) [Module(No)]: <error>

