---
source: compiler/toc_analysis/src/typeck/test.rs
assertion_line: 41
expression: "\n    var b : boolean\n    var r : real\n    var i : int\n    var n : nat\n    var _br := b div r\n    var _bi := b div i\n    var _bn := b div n\n    var _rb := r div b\n    var _ib := i div b\n    var _nb := n div b\n    var _bb := b div b\n"

---
"b"@(FileId(1), 9..10) [Declared]: boolean
"r"@(FileId(1), 29..30) [Declared]: real
"i"@(FileId(1), 46..47) [Declared]: int
"n"@(FileId(1), 62..63) [Declared]: nat
"_br"@(FileId(1), 78..81) [Declared]: <error>
"_bi"@(FileId(1), 101..104) [Declared]: <error>
"_bn"@(FileId(1), 124..127) [Declared]: <error>
"_rb"@(FileId(1), 147..150) [Declared]: <error>
"_ib"@(FileId(1), 170..173) [Declared]: <error>
"_nb"@(FileId(1), 193..196) [Declared]: <error>
"_bb"@(FileId(1), 216..219) [Declared]: <error>
"<root>"@(dummy) [Declared]: <error>

error in file FileId(1) at 87..90: mismatched types for integer division
| note in file FileId(1) for 91..92: this is of type `real`
| note in file FileId(1) for 85..86: this is of type `boolean`
| error in file FileId(1) for 87..90: `boolean` cannot be divided by `real`
| info: operands must both be numbers
error in file FileId(1) at 110..113: mismatched types for integer division
| note in file FileId(1) for 114..115: this is of type `int`
| note in file FileId(1) for 108..109: this is of type `boolean`
| error in file FileId(1) for 110..113: `boolean` cannot be divided by `int`
| info: operands must both be numbers
error in file FileId(1) at 133..136: mismatched types for integer division
| note in file FileId(1) for 137..138: this is of type `nat`
| note in file FileId(1) for 131..132: this is of type `boolean`
| error in file FileId(1) for 133..136: `boolean` cannot be divided by `nat`
| info: operands must both be numbers
error in file FileId(1) at 156..159: mismatched types for integer division
| note in file FileId(1) for 160..161: this is of type `boolean`
| note in file FileId(1) for 154..155: this is of type `real`
| error in file FileId(1) for 156..159: `real` cannot be divided by `boolean`
| info: operands must both be numbers
error in file FileId(1) at 179..182: mismatched types for integer division
| note in file FileId(1) for 183..184: this is of type `boolean`
| note in file FileId(1) for 177..178: this is of type `int`
| error in file FileId(1) for 179..182: `int` cannot be divided by `boolean`
| info: operands must both be numbers
error in file FileId(1) at 202..205: mismatched types for integer division
| note in file FileId(1) for 206..207: this is of type `boolean`
| note in file FileId(1) for 200..201: this is of type `nat`
| error in file FileId(1) for 202..205: `nat` cannot be divided by `boolean`
| info: operands must both be numbers
error in file FileId(1) at 225..228: mismatched types for integer division
| note in file FileId(1) for 229..230: this is of type `boolean`
| note in file FileId(1) for 223..224: this is of type `boolean`
| error in file FileId(1) for 225..228: `boolean` cannot be divided by `boolean`
| info: operands must both be numbers
