---
source: compiler/toc-analysis/src/typeck/test.rs
expression: "type _ : flexible array 1..0 of int"
---
"_"@"src/main.t:5..6" [Type]: alias[DefId(PackageId(0), LocalDefId(0))] of flexible array ( range of `int` (Unevaluated(PackageId(0), BodyId(0)) .. Expr(Unevaluated(PackageId(0), BodyId(1)), No)), ) of int
"<root>"@"<unknown>:0..0" [Module(No)]: <error>
