---
source: compiler/toc-analysis/src/typeck/test.rs
expression: "type t_f : function : int\ntype t_p : procedure\ntype t_fp : function() : int\ntype t_pp : procedure()\n\nvar f : t_f\nvar p : t_p\nvar fp : t_fp\nvar pp : t_pp\n\n% transitive\nf := fp\nfp := f\n\np := pp\npp := p\n"
---
"t_f"@"src/main.t:5..8" [Type]: alias[DefId(PackageId(3072), LocalDefId(0))] of function -> int
"t_p"@"src/main.t:31..34" [Type]: alias[DefId(PackageId(3072), LocalDefId(1))] of procedure -> void
"t_fp"@"src/main.t:52..56" [Type]: alias[DefId(PackageId(3072), LocalDefId(2))] of function ( ) -> int
"t_pp"@"src/main.t:81..85" [Type]: alias[DefId(PackageId(3072), LocalDefId(3))] of procedure ( ) -> void
"f"@"src/main.t:105..106" [ConstVar(Var, No)]: alias[DefId(PackageId(3072), LocalDefId(0))] of function -> int
"p"@"src/main.t:117..118" [ConstVar(Var, No)]: alias[DefId(PackageId(3072), LocalDefId(1))] of procedure -> void
"fp"@"src/main.t:129..131" [ConstVar(Var, No)]: alias[DefId(PackageId(3072), LocalDefId(2))] of function ( ) -> int
"pp"@"src/main.t:143..145" [ConstVar(Var, No)]: alias[DefId(PackageId(3072), LocalDefId(3))] of procedure ( ) -> void
"<unnamed>"@"<unknown>:0..0" [Undeclared]: <error>
"<unnamed>"@"<unknown>:0..0" [Undeclared]: <error>
"<root>"@"<unknown>:0..0" [Module(No)]: <error>
