---
source: compiler/toc_analysis/src/typeck/test.rs
expression: "case 1 of label 1: end case\ncase 'c' of label 'c': end case\ncase true of label true: end case\ncase \"a\" of label \"a\": end case\n"
---
"<root>"@(dummy) [Module(No)]: <error>

