---
source: compiler/toc-analysis/src/typeck/test.rs
expression: "type c : 1 .. 1"
---
"c"@"src/main.t:5..6" [Type]: alias[DefId(PackageId(0), LocalDefId(0))] of range of `int` (Unevaluated(PackageId(0), BodyId(0)) .. Expr(Unevaluated(PackageId(0), BodyId(1)), No))
"<root>"@"<unknown>:0..0" [Module(No)]: <error>
