---
source: compiler/toc_analysis/src/typeck/test.rs
expression: "begin\ntype no : int\nbind you to no\nend"
---
"no"@(FileId(1), 11..13) [Type]: alias[DefId(LibraryId(0), LocalDefId(0))] of int
"you"@(FileId(1), 25..28) [Binding(Const, No)]: alias[DefId(LibraryId(0), LocalDefId(0))] of int
"<root>"@(dummy) [Module(No)]: <error>

error in file FileId(1) at 25..34: cannot bind `you` to `no`
| error in file FileId(1) for 32..34: `no` is a reference to a type, not a variable
| note in file FileId(1) for 11..13: `no` declared here
