---
source: compiler/toc_analysis/src/typeck/test.rs
expression: "var c : char\nvar c1 : char(1)\nvar c5 : char(5)\nvar c255 : char(255)\nvar s : string\nvar s1 : string(1)\nvar s5 : string(5)\n\nvar _v00 : string := c\nvar _v01 : string := c1\nvar _v02 : string := c5\nvar _v03 : string := c255\nvar _v04 : string := s\nvar _v05 : string := s1\nvar _v06 : string := s5\n"
---
"c"@(FileId(1), 4..5) [ConstVar(Var, No)]: char
"c1"@(FileId(1), 17..19) [ConstVar(Var, No)]: char_n Fixed(Unevaluated(PackageId(0), BodyId(0)))
"c5"@(FileId(1), 34..36) [ConstVar(Var, No)]: char_n Fixed(Unevaluated(PackageId(0), BodyId(1)))
"c255"@(FileId(1), 51..55) [ConstVar(Var, No)]: char_n Fixed(Unevaluated(PackageId(0), BodyId(2)))
"s"@(FileId(1), 72..73) [ConstVar(Var, No)]: string
"s1"@(FileId(1), 87..89) [ConstVar(Var, No)]: string_n Fixed(Unevaluated(PackageId(0), BodyId(3)))
"s5"@(FileId(1), 106..108) [ConstVar(Var, No)]: string_n Fixed(Unevaluated(PackageId(0), BodyId(4)))
"_v00"@(FileId(1), 126..130) [ConstVar(Var, No)]: string
"_v01"@(FileId(1), 149..153) [ConstVar(Var, No)]: string
"_v02"@(FileId(1), 173..177) [ConstVar(Var, No)]: string
"_v03"@(FileId(1), 197..201) [ConstVar(Var, No)]: string
"_v04"@(FileId(1), 223..227) [ConstVar(Var, No)]: string
"_v05"@(FileId(1), 246..250) [ConstVar(Var, No)]: string
"_v06"@(FileId(1), 270..274) [ConstVar(Var, No)]: string
"<root>"@(dummy) [Module(No)]: <error>

