---
source: compiler/toc-analysis/src/typeck/test.rs
expression: "type _ : char(1.0)"
---
"_"@(FileId(1), 5..6) [Type]: alias[DefId(PackageId(0), LocalDefId(0))] of char_n Fixed(Unevaluated(PackageId(0), BodyId(0)))
"<root>"@(dummy) [Module(No)]: <error>

error at (FileId(1), 14..17): mismatched types
| note for (FileId(1), 14..17): this is of type `real`
| info: `real` is not an integer type
