---
source: compiler/toc-analysis/src/typeck/test.rs
expression: "type a : int var _ : a"
---
"a"@"src/main.t:5..6" [Type]: alias[DefId(PackageId(0), LocalDefId(0))] of int
"_"@"src/main.t:17..18" [ConstVar(Var, No)]: alias[DefId(PackageId(0), LocalDefId(0))] of int
"<root>"@"<unknown>:0..0" [Module(No)]: <error>
